138 images, 47 videos referenced
  image derived\project-assets\curving-skirting-board\10-drilling-steam-flange-480.jpg
  image derived\project-assets\curving-skirting-board\10-drilling-steam-flange-960.jpg
  image derived\project-assets\curving-skirting-board\10-drilling-steam-flange-1600.jpg
  image derived\project-assets\curving-skirting-board\11-first-bend-against-wall-480.jpg
  image derived\project-assets\curving-skirting-board\11-first-bend-against-wall-960.jpg
  image derived\project-assets\curving-skirting-board\11-first-bend-against-wall-1600.jpg
  image derived\project-assets\curving-skirting-board\12-fixing-curved-skirting-480.jpg
  image derived\project-assets\curving-skirting-board\12-fixing-curved-skirting-960.jpg
  image derived\project-assets\curving-skirting-board\12-fixing-curved-skirting-1600.jpg
  image derived\project-assets\curving-skirting-board\13-finishing-the-curve-480.jpg
  image derived\project-assets\curving-skirting-board\13-finishing-the-curve-960.jpg
  image derived\project-assets\curving-skirting-board\13-finishing-the-curve-1600.jpg
  image derived\project-assets\curving-skirting-board\clip-building-steam-box-poster-480.jpg
  image derived\project-assets\curving-skirting-board\clip-building-steam-box-poster-960.jpg
  image derived\project-assets\curving-skirting-board\clip-building-steam-box-poster-1600.jpg
  image derived\project-assets\curving-skirting-board\clip-final-finishing-poster-480.jpg
  image derived\project-assets\curving-skirting-board\clip-final-finishing-poster-960.jpg
  image derived\project-assets\curving-skirting-board\clip-final-finishing-poster-1600.jpg
  image derived\project-assets\curving-skirting-board\clip-first-wall-fit-poster-480.jpg
  image derived\project-assets\curving-skirting-board\clip-first-wall-fit-poster-960.jpg
  image derived\project-assets\curving-skirting-board\clip-first-wall-fit-poster-1600.jpg
  image derived\project-assets\curving-skirting-board\clip-fixing-skirting-poster-480.jpg
  image derived\project-assets\curving-skirting-board\clip-fixing-skirting-poster-960.jpg
  image derived\project-assets\curving-skirting-board\clip-fixing-skirting-poster-1600.jpg
  image derived\project-assets\curving-skirting-board\clip-steam-box-running-poster-480.jpg
  image derived\project-assets\curving-skirting-board\clip-steam-box-running-poster-960.jpg
  image derived\project-assets\curving-skirting-board\clip-steam-box-running-poster-1600.jpg
  image derived\project-assets\cv-in-a-box\DSC09233-480.jpg
  image derived\project-assets\cv-in-a-box\DSC09233-960.jpg
  image derived\project-assets\cv-in-a-box\DSC09233-1600.jpg
  image derived\project-assets\cv-in-a-box\DSC09234-480.jpg
  image derived\project-assets\cv-in-a-box\DSC09234-960.jpg
  image derived\project-assets\cv-in-a-box\DSC09234-1600.jpg
  image derived\project-assets\cv-in-a-box\DSC09240-480.jpg
  image derived\project-assets\cv-in-a-box\DSC09240-960.jpg
  image derived\project-assets\cv-in-a-box\DSC09240-1600.jpg
  image derived\project-assets\cv-in-a-box\DSC09244-480.jpg
  image derived\project-assets\cv-in-a-box\DSC09244-960.jpg
  image derived\project-assets\cv-in-a-box\DSC09244-1600.jpg
  image derived\project-assets\cv-in-a-box\LookInside-480.jpg
  image derived\project-assets\cv-in-a-box\Software Box-480.jpg
  image derived\project-assets\desk-project\01-laying-out-the-desk-480.jpg
  image derived\project-assets\desk-project\01-laying-out-the-desk-960.jpg
  image derived\project-assets\desk-project\01-laying-out-the-desk-1600.jpg
  image derived\project-assets\desk-project\02-workshop-team-480.jpg
  image derived\project-assets\desk-project\02-workshop-team-960.jpg
  image derived\project-assets\desk-project\02-workshop-team-1600.jpg
  image derived\project-assets\desk-project\03-test-fitting-top-480.jpg
  image derived\project-assets\desk-project\03-test-fitting-top-960.jpg
  image derived\project-assets\desk-project\03-test-fitting-top-1600.jpg
  image derived\project-assets\desk-project\04-cutting-and-marking-480.jpg
  image derived\project-assets\desk-project\04-cutting-and-marking-960.jpg
  image derived\project-assets\desk-project\04-cutting-and-marking-1600.jpg
  image derived\project-assets\desk-project\05-finished-timber-top-480.jpg
  image derived\project-assets\desk-project\05-finished-timber-top-960.jpg
  image derived\project-assets\desk-project\05-finished-timber-top-1600.jpg
  image derived\project-assets\desk-project\06-father-son-finished-top-480.jpg
  image derived\project-assets\desk-project\06-father-son-finished-top-960.jpg
  image derived\project-assets\desk-project\06-father-son-finished-top-1600.jpg
  image derived\project-assets\drift-trike\01-finished-trike-on-grass-480.jpg
  image derived\project-assets\drift-trike\01-finished-trike-on-grass-960.jpg
  image derived\project-assets\drift-trike\01-finished-trike-on-grass-1600.jpg
  image derived\project-assets\drift-trike\02-finished-trike-workshop-wide-480.jpg
  image derived\project-assets\drift-trike\02-finished-trike-workshop-wide-960.jpg
  image derived\project-assets\drift-trike\02-finished-trike-workshop-wide-1600.jpg
  image derived\project-assets\drift-trike\03-control-box-and-seat-480.jpg
  image derived\project-assets\drift-trike\03-control-box-and-seat-960.jpg
  image derived\project-assets\drift-trike\03-control-box-and-seat-1600.jpg
  image derived\project-assets\drift-trike\04-axle-and-motor-detail-480.jpg
  image derived\project-assets\drift-trike\04-axle-and-motor-detail-960.jpg
  image derived\project-assets\drift-trike\04-axle-and-motor-detail-1600.jpg
  image derived\project-assets\drift-trike\05-axle-bearing-detail-480.jpg
  image derived\project-assets\drift-trike\05-axle-bearing-detail-960.jpg
  image derived\project-assets\drift-trike\05-axle-bearing-detail-1600.jpg
  image derived\project-assets\drift-trike\06-controller-board-480.jpg
  image derived\project-assets\drift-trike\06-controller-board-960.jpg
  image derived\project-assets\drift-trike\06-controller-board-1600.jpg
  image derived\project-assets\drift-trike\07-green-welding-filter-480.jpg
  image derived\project-assets\drift-trike\07-green-welding-filter-960.jpg
  image derived\project-assets\drift-trike\07-green-welding-filter-1600.jpg
  image derived\project-assets\drift-trike\08-frame-on-welding-table-480.jpg
  image derived\project-assets\drift-trike\08-frame-on-welding-table-960.jpg
  image derived\project-assets\drift-trike\08-frame-on-welding-table-1600.jpg
  image derived\project-assets\drift-trike\09-drive-wheel-on-table-480.jpg
  image derived\project-assets\drift-trike\09-drive-wheel-on-table-960.jpg
  image derived\project-assets\drift-trike\09-drive-wheel-on-table-1600.jpg
  image derived\project-assets\drift-trike\10-son-driving-grass-480.jpg
  image derived\project-assets\drift-trike\10-son-driving-grass-960.jpg
  image derived\project-assets\drift-trike\10-son-driving-grass-1600.jpg
  image derived\project-assets\drift-trike\11-filtered-weld-sparks-480.jpg
  image derived\project-assets\drift-trike\11-filtered-weld-sparks-960.jpg
  image derived\project-assets\drift-trike\11-filtered-weld-sparks-1600.jpg
  image derived\project-assets\drift-trike\12-finished-weld-detail-480.jpg
  image derived\project-assets\drift-trike\12-finished-weld-detail-960.jpg
  image derived\project-assets\drift-trike\12-finished-weld-detail-1600.jpg
  image derived\project-assets\drift-trike\poster-belt-sanding-480.jpg
  image derived\project-assets\drift-trike\poster-belt-sanding-960.jpg
  image derived\project-assets\drift-trike\poster-control-box-testing-480.jpg
  image derived\project-assets\drift-trike\poster-control-box-testing-960.jpg
  image derived\project-assets\drift-trike\poster-control-box-testing-1600.jpg
  image derived\project-assets\drift-trike\poster-finished-walkaround-480.jpg
  image derived\project-assets\drift-trike\poster-finished-walkaround-960.jpg
  image derived\project-assets\drift-trike\poster-finished-walkaround-1600.jpg
  image derived\project-assets\drift-trike\poster-green-welding-bead-480.jpg
  image derived\project-assets\drift-trike\poster-green-welding-bead-960.jpg
  image derived\project-assets\drift-trike\poster-green-welding-close-bead-480.jpg
  image derived\project-assets\drift-trike\poster-green-welding-close-bead-960.jpg
  image derived\project-assets\drift-trike\poster-green-welding-first-pass-480.jpg
  image derived\project-assets\drift-trike\poster-green-welding-first-pass-960.jpg
  image derived\project-assets\drift-trike\poster-green-welding-long-pass-480.jpg
  image derived\project-assets\drift-trike\poster-green-welding-long-pass-960.jpg
  image derived\project-assets\drift-trike\poster-initial-motor-electronics-test-480.jpg
  image derived\project-assets\drift-trike\poster-initial-motor-electronics-test-960.jpg
  image derived\project-assets\drift-trike\poster-lincoln-learning-to-tap-480.jpg
  image derived\project-assets\drift-trike\poster-lincoln-learning-to-tap-960.jpg
  image derived\project-assets\drift-trike\poster-lincoln-wheel-fitting-480.jpg
  image derived\project-assets\drift-trike\poster-lincoln-wheel-fitting-960.jpg
  image derived\project-assets\drift-trike\poster-machined-hole-detail-480.jpg
  image derived\project-assets\drift-trike\poster-machined-hole-detail-960.jpg
  image derived\project-assets\drift-trike\poster-making-wires-480.jpg
  image derived\project-assets\drift-trike\poster-making-wires-960.jpg
  image derived\project-assets\drift-trike\poster-motor-axle-assembly-480.jpg
  image derived\project-assets\drift-trike\poster-motor-axle-assembly-960.jpg
  image derived\project-assets\drift-trike\poster-motor-axle-assembly-1600.jpg
  image derived\project-assets\drift-trike\poster-motor-mount-drilling-480.jpg
  image derived\project-assets\drift-trike\poster-motor-mount-drilling-960.jpg
  image derived\project-assets\drift-trike\poster-motor-mount-drilling-1600.jpg
  image derived\project-assets\drift-trike\poster-plasma-cutting-480.jpg
  image derived\project-assets\drift-trike\poster-plasma-cutting-960.jpg
  image derived\project-assets\drift-trike\poster-slow-motion-drilling-480.jpg
  image derived\project-assets\drift-trike\poster-slow-motion-drilling-960.jpg
  image derived\project-assets\drift-trike\poster-son-driving-480.jpg
  image derived\project-assets\drift-trike\poster-son-driving-960.jpg
  image derived\project-assets\drift-trike\poster-son-driving-1600.jpg
  image derived\project-assets\drift-trike\poster-wide-workshop-welding-480.jpg
  image derived\project-assets\drift-trike\poster-wide-workshop-welding-960.jpg
  image derived\project-assets\drift-trike\poster-workshop-assembly-480.jpg
  image derived\project-assets\drift-trike\poster-workshop-assembly-960.jpg
  image derived\project-assets\drift-trike\poster-workshop-assembly-1600.jpg
  image derived\project-assets\lathe-sparks\01-colchester-chipmaster-480.jpg
  image derived\project-assets\lathe-sparks\01-colchester-chipmaster-960.jpg
  image derived\project-assets\lathe-sparks\02-chipmaster-bed-and-chuck-480.jpg
  image derived\project-assets\lathe-sparks\02-chipmaster-bed-and-chuck-960.jpg
  image derived\project-assets\lathe-sparks\04-headstock-480.jpg
  image derived\project-assets\lathe-sparks\04-headstock-960.jpg
  image derived\project-assets\lathe-sparks\05-sparks-hero-480.jpg
  image derived\project-assets\lathe-sparks\05-sparks-hero-960.jpg
  image derived\project-assets\lathe-sparks\05-sparks-hero-1600.jpg
  image derived\project-assets\lathe-sparks\06-sparks-sideways-480.jpg
  image derived\project-assets\lathe-sparks\06-sparks-sideways-960.jpg
  image derived\project-assets\lathe-sparks\06-sparks-sideways-1600.jpg
  image derived\project-assets\lathe-sparks\07-sparks-curl-480.jpg
  image derived\project-assets\lathe-sparks\07-sparks-curl-960.jpg
  image derived\project-assets\lathe-sparks\07-sparks-curl-1600.jpg
  image derived\project-assets\lathe-sparks\08-sparks-shower-480.jpg
  image derived\project-assets\lathe-sparks\08-sparks-shower-960.jpg
  image derived\project-assets\lathe-sparks\08-sparks-shower-1600.jpg
  image derived\project-assets\lathe-sparks\09-sparks-wide-480.jpg
  image derived\project-assets\lathe-sparks\09-sparks-wide-960.jpg
  image derived\project-assets\lathe-sparks\09-sparks-wide-1600.jpg
  image derived\project-assets\mega-book-case\01-wall-before-build-480.jpg
  image derived\project-assets\mega-book-case\01-wall-before-build-960.jpg
  image derived\project-assets\mega-book-case\01-wall-before-build-1600.jpg
  image derived\project-assets\mega-book-case\02-first-uprights-installed-480.jpg
  image derived\project-assets\mega-book-case\02-first-uprights-installed-960.jpg
  image derived\project-assets\mega-book-case\02-first-uprights-installed-1600.jpg
  image derived\project-assets\mega-book-case\03-wall-frame-progress-480.jpg
  image derived\project-assets\mega-book-case\03-wall-frame-progress-960.jpg
  image derived\project-assets\mega-book-case\03-wall-frame-progress-1600.jpg
  image derived\project-assets\mega-book-case\04-loaded-bookcase-wide-480.jpg
  image derived\project-assets\mega-book-case\04-loaded-bookcase-wide-960.jpg
  image derived\project-assets\mega-book-case\04-loaded-bookcase-wide-1600.jpg
  image derived\project-assets\mega-book-case\05-loaded-bookcase-closer-480.jpg
  image derived\project-assets\mega-book-case\05-loaded-bookcase-closer-960.jpg
  image derived\project-assets\mega-book-case\05-loaded-bookcase-closer-1600.jpg
  image derived\project-assets\mega-book-case\06-bookcase-through-glass-480.jpg
  image derived\project-assets\mega-book-case\06-bookcase-through-glass-960.jpg
  image derived\project-assets\mega-book-case\06-bookcase-through-glass-1600.jpg
  image derived\project-assets\mega-book-case\07-bookcase-and-room-480.jpg
  image derived\project-assets\mega-book-case\07-bookcase-and-room-960.jpg
  image derived\project-assets\mega-book-case\07-bookcase-and-room-1600.jpg
  image derived\project-assets\mega-book-case\08-shelf-detail-480.jpg
  image derived\project-assets\mega-book-case\08-shelf-detail-960.jpg
  image derived\project-assets\mega-book-case\09-console-drawer-build-480.jpg
  image derived\project-assets\mega-book-case\09-console-drawer-build-960.jpg
  image derived\project-assets\mega-book-case\09-console-drawer-build-1600.jpg
  image derived\project-assets\mega-book-case\10-console-electronics-480.jpg
  image derived\project-assets\mega-book-case\10-console-electronics-960.jpg
  image derived\project-assets\mega-book-case\10-console-electronics-1600.jpg
  image derived\project-assets\mega-book-case\11-ladder-installed-room-wide-480.jpg
  image derived\project-assets\mega-book-case\11-ladder-installed-room-wide-960.jpg
  image derived\project-assets\mega-book-case\11-ladder-installed-room-wide-1600.jpg
  image derived\project-assets\mega-book-case\12-ladder-on-rails-480.jpg
  image derived\project-assets\mega-book-case\12-ladder-on-rails-960.jpg
  image derived\project-assets\mega-book-case\12-ladder-on-rails-1600.jpg
  image derived\project-assets\mega-book-case\13-ladder-frame-workbench-480.jpg
  image derived\project-assets\mega-book-case\13-ladder-frame-workbench-960.jpg
  image derived\project-assets\mega-book-case\13-ladder-frame-workbench-1600.jpg
  image derived\project-assets\mega-book-case\14-ladder-welding-workshop-480.jpg
  image derived\project-assets\mega-book-case\14-ladder-welding-workshop-960.jpg
  image derived\project-assets\mega-book-case\14-ladder-welding-workshop-1600.jpg
  image derived\project-assets\mega-book-case\clip-carcase-clamping-poster-480.jpg
  image derived\project-assets\mega-book-case\clip-carcase-clamping-poster-960.jpg
  image derived\project-assets\mega-book-case\clip-carcase-clamping-poster-1600.jpg
  image derived\project-assets\mega-book-case\clip-console-build-poster-480.jpg
  image derived\project-assets\mega-book-case\clip-console-build-poster-960.jpg
  image derived\project-assets\mega-book-case\clip-console-build-poster-1600.jpg
  image derived\project-assets\mega-book-case\clip-front-face-layout-poster-480.jpg
  image derived\project-assets\mega-book-case\clip-front-face-layout-poster-960.jpg
  image derived\project-assets\mega-book-case\clip-front-face-layout-poster-1600.jpg
  image derived\project-assets\mega-book-case\clip-ladder-roller-machining-poster-480.jpg
  image derived\project-assets\mega-book-case\clip-ladder-roller-machining-poster-960.jpg
  image derived\project-assets\mega-book-case\clip-ladder-roller-machining-poster-1600.jpg
  image derived\project-assets\mega-book-case\clip-ladder-waxing-poster-480.jpg
  image derived\project-assets\mega-book-case\clip-ladder-waxing-poster-960.jpg
  image derived\project-assets\mega-book-case\clip-ladder-waxing-poster-1600.jpg
  image derived\project-assets\mega-book-case\clip-ladder-welding-poster-480.jpg
  image derived\project-assets\mega-book-case\clip-ladder-welding-poster-960.jpg
  image derived\project-assets\mega-book-case\clip-ladder-welding-poster-1600.jpg
  image derived\project-assets\mega-book-case\clip-panel-work-poster-480.jpg
  image derived\project-assets\mega-book-case\clip-panel-work-poster-960.jpg
  image derived\project-assets\mega-book-case\clip-panel-work-poster-1600.jpg
  image derived\project-assets\mega-book-case\clip-shelves-going-in-poster-480.jpg
  image derived\project-assets\mega-book-case\clip-shelves-going-in-poster-960.jpg
  image derived\project-assets\mega-book-case\clip-shelves-going-in-poster-1600.jpg
  image derived\project-assets\mega-book-case\clip-wall-frame-fitting-poster-480.jpg
  image derived\project-assets\mega-book-case\clip-wall-frame-fitting-poster-960.jpg
  image derived\project-assets\mega-book-case\clip-wall-frame-fitting-poster-1600.jpg
  image derived\project-assets\spiral-staircase\01-finished-staircase-full-480.jpg
  image derived\project-assets\spiral-staircase\01-finished-staircase-full-960.jpg
  image derived\project-assets\spiral-staircase\02-finished-staircase-pergola-480.jpg
  image derived\project-assets\spiral-staircase\02-finished-staircase-pergola-960.jpg
  image derived\project-assets\spiral-staircase\03-finished-staircase-detail-480.jpg
  image derived\project-assets\spiral-staircase\03-finished-staircase-detail-960.jpg
  image derived\project-assets\spiral-staircase\04-before-red-staircase-overhead-480.jpg
  image derived\project-assets\spiral-staircase\04-before-red-staircase-overhead-960.jpg
  image derived\project-assets\spiral-staircase\04-before-red-staircase-overhead-1600.jpg
  image derived\project-assets\spiral-staircase\05-red-staircase-in-courtyard-480.jpg
  image derived\project-assets\spiral-staircase\05-red-staircase-in-courtyard-960.jpg
  image derived\project-assets\spiral-staircase\05-red-staircase-in-courtyard-1600.jpg
  image derived\project-assets\spiral-staircase\06-handrail-prep-480.jpg
  image derived\project-assets\spiral-staircase\06-handrail-prep-960.jpg
  image derived\project-assets\spiral-staircase\06-handrail-prep-1600.jpg
  image derived\project-assets\spiral-staircase\07-grinding-handrail-480.jpg
  image derived\project-assets\spiral-staircase\07-grinding-handrail-960.jpg
  image derived\project-assets\spiral-staircase\07-grinding-handrail-1600.jpg
  image derived\project-assets\spiral-staircase\08-handrail-detail-480.jpg
  image derived\project-assets\spiral-staircase\08-handrail-detail-960.jpg
  image derived\project-assets\spiral-staircase\08-handrail-detail-1600.jpg
  image derived\project-assets\spiral-staircase\09-cutting-curved-rail-480.jpg
  image derived\project-assets\spiral-staircase\09-cutting-curved-rail-960.jpg
  image derived\project-assets\spiral-staircase\09-cutting-curved-rail-1600.jpg
  image derived\project-assets\vintage-string-lights\01-finished-string-lights-wide-480.jpg
  image derived\project-assets\vintage-string-lights\01-finished-string-lights-wide-960.jpg
  image derived\project-assets\vintage-string-lights\01-finished-string-lights-wide-1600.jpg
  image derived\project-assets\vintage-string-lights\02-finished-kitchen-lights-480.jpg
  image derived\project-assets\vintage-string-lights\02-finished-kitchen-lights-960.jpg
  image derived\project-assets\vintage-string-lights\02-finished-kitchen-lights-1600.jpg
  image derived\project-assets\vintage-string-lights\03-bandsaw-cutting-blocks-480.jpg
  image derived\project-assets\vintage-string-lights\03-bandsaw-cutting-blocks-960.jpg
  image derived\project-assets\vintage-string-lights\03-bandsaw-cutting-blocks-1600.jpg
  image derived\project-assets\vintage-string-lights\04-marking-the-blocks-480.jpg
  image derived\project-assets\vintage-string-lights\04-marking-the-blocks-960.jpg
  image derived\project-assets\vintage-string-lights\04-marking-the-blocks-1600.jpg
  image derived\project-assets\vintage-string-lights\05-parts-on-welding-table-480.jpg
  image derived\project-assets\vintage-string-lights\05-parts-on-welding-table-960.jpg
  image derived\project-assets\vintage-string-lights\05-parts-on-welding-table-1600.jpg
  image derived\project-assets\vintage-string-lights\06-first-bulb-test-480.jpg
  image derived\project-assets\vintage-string-lights\06-first-bulb-test-960.jpg
  image derived\project-assets\vintage-string-lights\06-first-bulb-test-1600.jpg
  image derived\project-assets\vintage-string-lights\07-bulb-holder-wiring-480.jpg
  image derived\project-assets\vintage-string-lights\07-bulb-holder-wiring-960.jpg
  image derived\project-assets\vintage-string-lights\07-bulb-holder-wiring-1600.jpg
  image derived\project-assets\vintage-string-lights\08-installing-across-beams-480.jpg
  image derived\project-assets\vintage-string-lights\08-installing-across-beams-960.jpg
  image derived\project-assets\vintage-string-lights\08-installing-across-beams-1600.jpg
  image derived\project-assets\vintage-string-lights\09-string-layout-installed-480.jpg
  image derived\project-assets\vintage-string-lights\09-string-layout-installed-960.jpg
  image derived\project-assets\vintage-string-lights\09-string-layout-installed-1600.jpg
  image derived\project-assets\vintage-string-lights\10-evening-sky-payoff-480.jpg
  image derived\project-assets\vintage-string-lights\10-evening-sky-payoff-960.jpg
  image derived\project-assets\vintage-string-lights\10-evening-sky-payoff-1600.jpg
  video derived\project-assets\corten-ballustrade\clip-cutting-slats-720.mp4
  video derived\project-assets\corten-ballustrade\clip-welding-frame-720.mp4
  video derived\project-assets\curving-skirting-board\clip-building-steam-box-720.mp4
  video derived\project-assets\curving-skirting-board\clip-final-finishing-720.mp4
  video derived\project-assets\curving-skirting-board\clip-first-wall-fit-720.mp4
  video derived\project-assets\curving-skirting-board\clip-fixing-skirting-720.mp4
  video derived\project-assets\curving-skirting-board\clip-steam-box-running-720.mp4
  video derived\project-assets\cv-in-a-box\BoxedSoftwareDesign-720.mp4
  video derived\project-assets\desk-project\clip-finished-top-720.mp4
  video derived\project-assets\desk-project\clip-tabletop-build-720.mp4
  video derived\project-assets\drift-trike\clip-belt-sanding-720.mp4
  video derived\project-assets\drift-trike\clip-control-box-testing-720.mp4
  video derived\project-assets\drift-trike\clip-finished-walkaround-720.mp4
  video derived\project-assets\drift-trike\clip-green-welding-bead-720.mp4
  video derived\project-assets\drift-trike\clip-green-welding-close-bead-720.mp4
  video derived\project-assets\drift-trike\clip-green-welding-first-pass-720.mp4
  video derived\project-assets\drift-trike\clip-green-welding-long-pass-720.mp4
  video derived\project-assets\drift-trike\clip-initial-motor-electronics-test-720.mp4
  video derived\project-assets\drift-trike\clip-lincoln-learning-to-tap-720.mp4
  video derived\project-assets\drift-trike\clip-lincoln-wheel-fitting-720.mp4
  video derived\project-assets\drift-trike\clip-machined-hole-detail-720.mp4
  video derived\project-assets\drift-trike\clip-making-wires-720.mp4
  video derived\project-assets\drift-trike\clip-motor-axle-assembly-720.mp4
  video derived\project-assets\drift-trike\clip-motor-mount-drilling-720.mp4
  video derived\project-assets\drift-trike\clip-plasma-cutting-720.mp4
  video derived\project-assets\drift-trike\clip-slow-motion-drilling-720.mp4
  video derived\project-assets\drift-trike\clip-son-driving-720.mp4
  video derived\project-assets\drift-trike\clip-wide-workshop-welding-720.mp4
  video derived\project-assets\drift-trike\clip-workshop-assembly-720.mp4
  video derived\project-assets\lathe-sparks\clip1-1080p-720.mp4
  video derived\project-assets\lathe-sparks\clip2-1080p-720.mp4
  video derived\project-assets\lathe-sparks\clip4-1080p-720.mp4
  video derived\project-assets\mega-book-case\clip-carcase-clamping-720.mp4
  video derived\project-assets\mega-book-case\clip-console-build-720.mp4
  video derived\project-assets\mega-book-case\clip-front-face-layout-720.mp4
  video derived\project-assets\mega-book-case\clip-ladder-roller-machining-720.mp4
  video derived\project-assets\mega-book-case\clip-ladder-waxing-720.mp4
  video derived\project-assets\mega-book-case\clip-ladder-welding-720.mp4
  video derived\project-assets\mega-book-case\clip-panel-work-720.mp4
  video derived\project-assets\mega-book-case\clip-shelves-going-in-720.mp4
  video derived\project-assets\mega-book-case\clip-wall-frame-fitting-720.mp4
  video derived\project-assets\spiral-staircase\clip-cutting-curved-rail-720.mp4
  video derived\project-assets\spiral-staircase\clip-overhead-before-720.mp4
  video derived\project-assets\spiral-staircase\clip-working-on-handrail-720.mp4
  video derived\project-assets\vintage-string-lights\clip-cutting-blocks-720.mp4
  video derived\project-assets\vintage-string-lights\clip-installing-lights-720.mp4
  video derived\project-assets\vintage-string-lights\clip-wiring-and-test-720.mp4
